// Jest Snapshot v1, https://goo.gl/fbAQLP

exports[`RRoutes Component renders without crashing 1`] = `
<div>
  <div>
    <div>
       
      <div>
        Element type is invalid: expected a string (for built-in components) or a class/function (for composite components) but got: undefined. You likely forgot to export your component from the file it's defined in, or you might have mixed up default and named imports.

Check the render method of \`RRoutes\`.
      </div>
    </div>
  </div>
</div>
`;
